../Core/Src/main.cpp:104:5:int main()	8	static
../Core/Src/main.cpp:195:6:void SystemClock_Config()	88	static
../Core/Src/main.cpp:242:13:void MX_CRC_Init()	8	static
../Core/Src/main.cpp:268:13:void MX_I2C1_Init()	8	static
../Core/Src/main.cpp:302:13:void MX_I2C3_Init()	8	static
../Core/Src/main.cpp:336:13:void MX_IWDG_Init()	8	static
../Core/Src/main.cpp:364:13:void MX_RTC_Init()	8	static
../Core/Src/main.cpp:399:13:void MX_SDIO_SD_Init()	4	static
../Core/Src/main.cpp:427:13:void MX_SPI1_Init()	8	static
../Core/Src/main.cpp:465:13:void MX_TIM2_Init()	64	static
../Core/Src/main.cpp:528:13:void MX_USART1_UART_Init()	8	static
../Core/Src/main.cpp:561:13:void MX_USB_OTG_FS_HCD_Init()	8	static
../Core/Src/main.cpp:592:13:void MX_GPIO_Init()	40	static
../Core/Src/main.cpp:620:6:void StartDefaultTask(void*)	16	static
../Core/Src/main.cpp:639:6:void HAL_TIM_PeriodElapsedCallback(TIM_HandleTypeDef*)	16	static
../Core/Src/main.cpp:656:6:void Error_Handler()	4	static,ignoring_inline_asm
