../Core/Src/main.cpp:107:5:int main()	8	static
../Core/Src/main.cpp:196:6:void SystemClock_Config()	88	static
../Core/Src/main.cpp:243:13:void MX_CRC_Init()	8	static
../Core/Src/main.cpp:269:13:void MX_I2C1_Init()	8	static
../Core/Src/main.cpp:303:13:void MX_I2C3_Init()	8	static
../Core/Src/main.cpp:337:13:void MX_IWDG_Init()	8	static
../Core/Src/main.cpp:365:13:void MX_RTC_Init()	8	static
../Core/Src/main.cpp:400:13:void MX_SDIO_SD_Init()	4	static
../Core/Src/main.cpp:428:13:void MX_SPI1_Init()	8	static
../Core/Src/main.cpp:466:13:void MX_TIM2_Init()	64	static
../Core/Src/main.cpp:529:13:void MX_USART1_UART_Init()	8	static
../Core/Src/main.cpp:562:13:void MX_USB_OTG_FS_HCD_Init()	8	static
../Core/Src/main.cpp:593:13:void MX_GPIO_Init()	40	static
../Core/Src/main.cpp:621:6:void StartDefaultTask(void*)	16	static
../Core/Src/main.cpp:640:6:void HAL_TIM_PeriodElapsedCallback(TIM_HandleTypeDef*)	16	static
../Core/Src/main.cpp:657:6:void Error_Handler()	4	static,ignoring_inline_asm
